// Jest Snapshot v1, https://goo.gl/fbAQLP

exports[`Button Render Correctly 1`] = `
.c0 {
  border: none;
  border-radius: 4px;
  color: #fff;
  cursor: pointer;
  font-size: 1rem;
  font-weight: 300;
  line-height: 28px;
  padding: 0 16px;
}

<div>
  <button
    class="c0"
    type="button"
  >
    HELLO
  </button>
</div>
`;
